I'm sorry, but errors were detected in your script. Please correct the
errors listed below, and try again.


File "game/script.rpy", line 70: Line is indented, but the preceding say statement statement does not expect a block. Please check this line's indentation.
    menu:
    ^

Ren'Py Version: Ren'Py 7.4.10.2178
Thu Feb  3 22:26:54 2022
